14:46:54 **** Incremental Build of configuration Debug for project aula1104 ****
make -j8 all 
arm-none-eabi-gcc -mcpu=cortex-m4 -g3 -c -x assembler-with-cpp -MMD -MP -MF"Startup/startup_stm32f407vgtx.d" -MT"Startup/startup_stm32f407vgtx.o" --specs=nano.specs -mfpu=fpv4-sp-d16 -mfloat-abi=hard -mthumb -o "Startup/startup_stm32f407vgtx.o" "../Startup/startup_stm32f407vgtx.s"
arm-none-eabi-gcc -o "aula1104.elf" @"objects.list"   -mcpu=cortex-m4 -T"C:\Users\nicol\Documents\3o ANO ELO\pibiti\projetos\pibiti2021\aula1104\STM32F407VGTX_FLASH.ld" --specs=nosys.specs -Wl,-Map="aula1104.map" -Wl,--gc-sections -static --specs=nano.specs -mfpu=fpv4-sp-d16 -mfloat-abi=hard -mthumb -Wl,--start-group -lc -lm -Wl,--end-group
Finished building target: aula1104.elf
 
arm-none-eabi-objdump -h -S  aula1104.elf  > "aula1104.list"
arm-none-eabi-objcopy  -O binary  aula1104.elf  "aula1104.bin"
arm-none-eabi-size   aula1104.elf 
   text	   data	    bss	    dec	    hex	filename
    112	      0	      0	    112	     70	aula1104.elf
Finished building: default.size.stdout
 
Finished building: aula1104.list
 
Finished building: aula1104.bin
 

14:46:55 Build Finished. 0 errors, 0 warnings. (took 1s.185ms)

