12:51:55 **** Incremental Build of configuration Debug for project external_led_blink ****
make -j8 all 
arm-none-eabi-gcc "../Core/Src/main.c" -mcpu=cortex-m3 -std=gnu11 -g3 -DDEBUG -DUSE_HAL_DRIVER -DSTM32F103xB -c -I../Core/Inc -I../Drivers/STM32F1xx_HAL_Driver/Inc -I../Drivers/STM32F1xx_HAL_Driver/Inc/Legacy -I../Drivers/CMSIS/Device/ST/STM32F1xx/Include -I../Drivers/CMSIS/Include -O0 -ffunction-sections -fdata-sections -Wall -fstack-usage -MMD -MP -MF"Core/Src/main.d" -MT"Core/Src/main.o" --specs=nano.specs -mfloat-abi=soft -mthumb -o "Core/Src/main.o"
arm-none-eabi-gcc -o "external_led_blink.elf" @"objects.list"   -mcpu=cortex-m3 -T"C:\Users\nicol\Documents\3o ANO ELO\pibiti\projetos\pibiti2021\external_led_blink\STM32F103C8TX_FLASH.ld" --specs=nosys.specs -Wl,-Map="external_led_blink.map" -Wl,--gc-sections -static --specs=nano.specs -mfloat-abi=soft -mthumb -Wl,--start-group -lc -lm -Wl,--end-group
Finished building target: external_led_blink.elf
 
arm-none-eabi-objdump -h -S  external_led_blink.elf  > "external_led_blink.list"
arm-none-eabi-objcopy  -O binary  external_led_blink.elf  "external_led_blink.bin"
arm-none-eabi-size   external_led_blink.elf 
   text	   data	    bss	    dec	    hex	filename
   4660	     20	   1572	   6252	   186c	external_led_blink.elf
Finished building: default.size.stdout
 
Finished building: external_led_blink.bin
Finished building: external_led_blink.list
 
 

12:51:56 Build Finished. 0 errors, 0 warnings. (took 971ms)

