14:15:30 **** Incremental Build of configuration Debug for project sensorread ****
make -j8 all 
arm-none-eabi-gcc "../Core/Src/stm32f4xx_it.c" -mcpu=cortex-m4 -std=gnu11 -g3 -DDEBUG -DUSE_HAL_DRIVER -DSTM32F407xx -c -I../Core/Inc -I../Drivers/STM32F4xx_HAL_Driver/Inc -I../Drivers/STM32F4xx_HAL_Driver/Inc/Legacy -I../Drivers/CMSIS/Device/ST/STM32F4xx/Include -I../Drivers/CMSIS/Include -O0 -ffunction-sections -fdata-sections -Wall -fstack-usage -MMD -MP -MF"Core/Src/stm32f4xx_it.d" -MT"Core/Src/stm32f4xx_it.o" --specs=nano.specs -mfpu=fpv4-sp-d16 -mfloat-abi=hard -mthumb -o "Core/Src/stm32f4xx_it.o"
arm-none-eabi-gcc -o "sensorread.elf" @"objects.list"   -mcpu=cortex-m4 -T"C:\Users\nicol\Documents\3o ANO ELO\pibiti\projetos\pibiti2021\sensorread\STM32F407VGTX_FLASH.ld" --specs=nosys.specs -Wl,-Map="sensorread.map" -Wl,--gc-sections -static --specs=nano.specs -mfpu=fpv4-sp-d16 -mfloat-abi=hard -mthumb -Wl,--start-group -lc -lm -Wl,--end-group
Finished building target: sensorread.elf
 
arm-none-eabi-objdump -h -S  sensorread.elf  > "sensorread.list"
arm-none-eabi-objcopy  -O binary  sensorread.elf  "sensorread.bin"
arm-none-eabi-size   sensorread.elf 
   text	   data	    bss	    dec	    hex	filename
   7828	     20	   1668	   9516	   252c	sensorread.elf
Finished building: default.size.stdout
 
Finished building: sensorread.bin
 
Finished building: sensorread.list
 
14:16:41 **** Incremental Build of configuration Debug for project sensorread ****
make -j8 all 
arm-none-eabi-size   sensorread.elf 
   text	   data	    bss	    dec	    hex	filename
   7828	     20	   1668	   9516	   252c	sensorread.elf
Finished building: default.size.stdout
 
14:17:58 **** Incremental Build of configuration Debug for project sensorread ****
make -j8 all 
arm-none-eabi-gcc "../Core/Src/main.c" -mcpu=cortex-m4 -std=gnu11 -g3 -DDEBUG -DUSE_HAL_DRIVER -DSTM32F407xx -c -I../Core/Inc -I../Drivers/STM32F4xx_HAL_Driver/Inc -I../Drivers/STM32F4xx_HAL_Driver/Inc/Legacy -I../Drivers/CMSIS/Device/ST/STM32F4xx/Include -I../Drivers/CMSIS/Include -O0 -ffunction-sections -fdata-sections -Wall -fstack-usage -MMD -MP -MF"Core/Src/main.d" -MT"Core/Src/main.o" --specs=nano.specs -mfpu=fpv4-sp-d16 -mfloat-abi=hard -mthumb -o "Core/Src/main.o"
arm-none-eabi-gcc -o "sensorread.elf" @"objects.list"   -mcpu=cortex-m4 -T"C:\Users\nicol\Documents\3o ANO ELO\pibiti\projetos\pibiti2021\sensorread\STM32F407VGTX_FLASH.ld" --specs=nosys.specs -Wl,-Map="sensorread.map" -Wl,--gc-sections -static --specs=nano.specs -mfpu=fpv4-sp-d16 -mfloat-abi=hard -mthumb -Wl,--start-group -lc -lm -Wl,--end-group
Finished building target: sensorread.elf
 
arm-none-eabi-objdump -h -S  sensorread.elf  > "sensorread.list"
arm-none-eabi-objcopy  -O binary  sensorread.elf  "sensorread.bin"
arm-none-eabi-size   sensorread.elf 
   text	   data	    bss	    dec	    hex	filename
   7828	     20	   1668	   9516	   252c	sensorread.elf
Finished building: default.size.stdout
 
Finished building: sensorread.bin
 
Finished building: sensorread.list
 
14:19:36 **** Incremental Build of configuration Debug for project sensorread ****
make -j8 all 
arm-none-eabi-gcc "../Core/Src/main.c" -mcpu=cortex-m4 -std=gnu11 -g3 -DDEBUG -DUSE_HAL_DRIVER -DSTM32F407xx -c -I../Core/Inc -I../Drivers/STM32F4xx_HAL_Driver/Inc -I../Drivers/STM32F4xx_HAL_Driver/Inc/Legacy -I../Drivers/CMSIS/Device/ST/STM32F4xx/Include -I../Drivers/CMSIS/Include -O0 -ffunction-sections -fdata-sections -Wall -fstack-usage -MMD -MP -MF"Core/Src/main.d" -MT"Core/Src/main.o" --specs=nano.specs -mfpu=fpv4-sp-d16 -mfloat-abi=hard -mthumb -o "Core/Src/main.o"
arm-none-eabi-gcc -o "sensorread.elf" @"objects.list"   -mcpu=cortex-m4 -T"C:\Users\nicol\Documents\3o ANO ELO\pibiti\projetos\pibiti2021\sensorread\STM32F407VGTX_FLASH.ld" --specs=nosys.specs -Wl,-Map="sensorread.map" -Wl,--gc-sections -static --specs=nano.specs -mfpu=fpv4-sp-d16 -mfloat-abi=hard -mthumb -Wl,--start-group -lc -lm -Wl,--end-group
Finished building target: sensorread.elf
 
arm-none-eabi-objdump -h -S  sensorread.elf  > "sensorread.list"
arm-none-eabi-objcopy  -O binary  sensorread.elf  "sensorread.bin"
arm-none-eabi-size   sensorread.elf 
   text	   data	    bss	    dec	    hex	filename
   7832	     20	   1668	   9520	   2530	sensorread.elf
Finished building: default.size.stdout
 
Finished building: sensorread.bin
 
Finished building: sensorread.list
 
14:20:48 **** Incremental Build of configuration Debug for project sensorread ****
make -j8 all 
arm-none-eabi-gcc "../Core/Src/main.c" -mcpu=cortex-m4 -std=gnu11 -g3 -DDEBUG -DUSE_HAL_DRIVER -DSTM32F407xx -c -I../Core/Inc -I../Drivers/STM32F4xx_HAL_Driver/Inc -I../Drivers/STM32F4xx_HAL_Driver/Inc/Legacy -I../Drivers/CMSIS/Device/ST/STM32F4xx/Include -I../Drivers/CMSIS/Include -O0 -ffunction-sections -fdata-sections -Wall -fstack-usage -MMD -MP -MF"Core/Src/main.d" -MT"Core/Src/main.o" --specs=nano.specs -mfpu=fpv4-sp-d16 -mfloat-abi=hard -mthumb -o "Core/Src/main.o"
arm-none-eabi-gcc -o "sensorread.elf" @"objects.list"   -mcpu=cortex-m4 -T"C:\Users\nicol\Documents\3o ANO ELO\pibiti\projetos\pibiti2021\sensorread\STM32F407VGTX_FLASH.ld" --specs=nosys.specs -Wl,-Map="sensorread.map" -Wl,--gc-sections -static --specs=nano.specs -mfpu=fpv4-sp-d16 -mfloat-abi=hard -mthumb -Wl,--start-group -lc -lm -Wl,--end-group
Finished building target: sensorread.elf
 
arm-none-eabi-objdump -h -S  sensorread.elf  > "sensorread.list"
arm-none-eabi-objcopy  -O binary  sensorread.elf  "sensorread.bin"
arm-none-eabi-size   sensorread.elf 
   text	   data	    bss	    dec	    hex	filename
   7832	     20	   1668	   9520	   2530	sensorread.elf
Finished building: default.size.stdout
 
Finished building: sensorread.bin
 
Finished building: sensorread.list
 
14:34:26 **** Incremental Build of configuration Debug for project sensorread ****
make -j8 all 
arm-none-eabi-gcc "../Core/Src/main.c" -mcpu=cortex-m4 -std=gnu11 -g3 -DDEBUG -DUSE_HAL_DRIVER -DSTM32F407xx -c -I../Core/Inc -I../Drivers/STM32F4xx_HAL_Driver/Inc -I../Drivers/STM32F4xx_HAL_Driver/Inc/Legacy -I../Drivers/CMSIS/Device/ST/STM32F4xx/Include -I../Drivers/CMSIS/Include -O0 -ffunction-sections -fdata-sections -Wall -fstack-usage -MMD -MP -MF"Core/Src/main.d" -MT"Core/Src/main.o" --specs=nano.specs -mfpu=fpv4-sp-d16 -mfloat-abi=hard -mthumb -o "Core/Src/main.o"
arm-none-eabi-gcc -o "sensorread.elf" @"objects.list"   -mcpu=cortex-m4 -T"C:\Users\nicol\Documents\3o ANO ELO\pibiti\projetos\pibiti2021\sensorread\STM32F407VGTX_FLASH.ld" --specs=nosys.specs -Wl,-Map="sensorread.map" -Wl,--gc-sections -static --specs=nano.specs -mfpu=fpv4-sp-d16 -mfloat-abi=hard -mthumb -Wl,--start-group -lc -lm -Wl,--end-group
Finished building target: sensorread.elf
 
arm-none-eabi-objdump -h -S  sensorread.elf  > "sensorread.list"
arm-none-eabi-objcopy  -O binary  sensorread.elf  "sensorread.bin"
arm-none-eabi-size   sensorread.elf 
   text	   data	    bss	    dec	    hex	filename
   7784	     20	   1668	   9472	   2500	sensorread.elf
Finished building: default.size.stdout
 
Finished building: sensorread.bin
 
Finished building: sensorread.list
 
14:36:18 **** Incremental Build of configuration Debug for project sensorread ****
make -j8 all 
arm-none-eabi-gcc "../Core/Src/main.c" -mcpu=cortex-m4 -std=gnu11 -g3 -DDEBUG -DUSE_HAL_DRIVER -DSTM32F407xx -c -I../Core/Inc -I../Drivers/STM32F4xx_HAL_Driver/Inc -I../Drivers/STM32F4xx_HAL_Driver/Inc/Legacy -I../Drivers/CMSIS/Device/ST/STM32F4xx/Include -I../Drivers/CMSIS/Include -O0 -ffunction-sections -fdata-sections -Wall -fstack-usage -MMD -MP -MF"Core/Src/main.d" -MT"Core/Src/main.o" --specs=nano.specs -mfpu=fpv4-sp-d16 -mfloat-abi=hard -mthumb -o "Core/Src/main.o"
arm-none-eabi-gcc -o "sensorread.elf" @"objects.list"   -mcpu=cortex-m4 -T"C:\Users\nicol\Documents\3o ANO ELO\pibiti\projetos\pibiti2021\sensorread\STM32F407VGTX_FLASH.ld" --specs=nosys.specs -Wl,-Map="sensorread.map" -Wl,--gc-sections -static --specs=nano.specs -mfpu=fpv4-sp-d16 -mfloat-abi=hard -mthumb -Wl,--start-group -lc -lm -Wl,--end-group
Finished building target: sensorread.elf
 
arm-none-eabi-objdump -h -S  sensorread.elf  > "sensorread.list"
arm-none-eabi-objcopy  -O binary  sensorread.elf  "sensorread.bin"
arm-none-eabi-size   sensorread.elf 
   text	   data	    bss	    dec	    hex	filename
   7808	     20	   1668	   9496	   2518	sensorread.elf
Finished building: default.size.stdout
 
Finished building: sensorread.bin
 
Finished building: sensorread.list
 
