21:33:17 **** Incremental Build of configuration Debug for project Led wit Button ****
make -j8 all 
arm-none-eabi-gcc "../Core/Src/main.c" -mcpu=cortex-m3 -std=gnu11 -g3 -DDEBUG -DUSE_HAL_DRIVER -DSTM32F103xB -c -I../Core/Inc -I../Drivers/STM32F1xx_HAL_Driver/Inc -I../Drivers/STM32F1xx_HAL_Driver/Inc/Legacy -I../Drivers/CMSIS/Device/ST/STM32F1xx/Include -I../Drivers/CMSIS/Include -O0 -ffunction-sections -fdata-sections -Wall -fstack-usage -MMD -MP -MF"Core/Src/main.d" -MT"Core/Src/main.o" --specs=nano.specs -mfloat-abi=soft -mthumb -o "Core/Src/main.o"
arm-none-eabi-gcc -o "Led wit Button.elf" @"objects.list"   -mcpu=cortex-m3 -T"C:\Users\nicol\Documents\3o ANO ELO\pibiti\projetos\pibiti2021\Led wit Button\STM32F103C8TX_FLASH.ld" --specs=nosys.specs -Wl,-Map="Led wit Button.map" -Wl,--gc-sections -static --specs=nano.specs -mfloat-abi=soft -mthumb -Wl,--start-group -lc -lm -Wl,--end-group
Finished building target: Led wit Button.elf
 
arm-none-eabi-objdump -h -S  Led\ wit\ Button.elf  > "Led wit Button.list"
arm-none-eabi-objcopy  -O binary  Led\ wit\ Button.elf  "Led wit Button.bin"
arm-none-eabi-size   Led\ wit\ Button.elf 
   text	   data	    bss	    dec	    hex	filename
   4720	     20	   1572	   6312	   18a8	Led wit Button.elf
Finished building: default.size.stdout
 
Finished building: Led wit Button.bin
 
Finished building: Led wit Button.list
 

21:33:20 Build Finished. 0 errors, 0 warnings. (took 2s.886ms)

