11:20:27 **** Incremental Build of configuration Debug for project led_blink ****
make -j8 all 
arm-none-eabi-gcc "../Core/Src/main.c" -mcpu=cortex-m3 -std=gnu11 -g3 -DDEBUG -DUSE_HAL_DRIVER -DSTM32F103xB -c -I../Core/Inc -I../Drivers/STM32F1xx_HAL_Driver/Inc -I../Drivers/STM32F1xx_HAL_Driver/Inc/Legacy -I../Drivers/CMSIS/Device/ST/STM32F1xx/Include -I../Drivers/CMSIS/Include -O0 -ffunction-sections -fdata-sections -Wall -fstack-usage -MMD -MP -MF"Core/Src/main.d" -MT"Core/Src/main.o" --specs=nano.specs -mfloat-abi=soft -mthumb -o "Core/Src/main.o"
arm-none-eabi-gcc -o "led_blink.elf" @"objects.list"   -mcpu=cortex-m3 -T"C:\Users\nicol\Documents\3o ANO ELO\pibiti\projetos\pibiti2021\led_blink\STM32F103C8TX_FLASH.ld" --specs=nosys.specs -Wl,-Map="led_blink.map" -Wl,--gc-sections -static --specs=nano.specs -mfloat-abi=soft -mthumb -Wl,--start-group -lc -lm -Wl,--end-group
Finished building target: led_blink.elf
 
arm-none-eabi-objdump -h -S  led_blink.elf  > "led_blink.list"
arm-none-eabi-objcopy  -O binary  led_blink.elf  "led_blink.bin"
arm-none-eabi-size   led_blink.elf 
   text	   data	    bss	    dec	    hex	filename
   4688	     20	   1572	   6280	   1888	led_blink.elf
Finished building: default.size.stdout
 
Finished building: led_blink.bin
 
Finished building: led_blink.list
 

11:20:32 Build Finished. 0 errors, 0 warnings. (took 4s.984ms)

