16:07:40 **** Incremental Build of configuration Debug for project piscaledelayc ****
make -j8 all 
arm-none-eabi-gcc "../Src/main.c" -mcpu=cortex-m4 -std=gnu11 -g3 -DDEBUG -DSTM32 -DSTM32F4 -DSTM32F407VGTx -c -I../Inc -O0 -ffunction-sections -fdata-sections -Wall -fstack-usage -MMD -MP -MF"Src/main.d" -MT"Src/main.o" --specs=nano.specs -mfpu=fpv4-sp-d16 -mfloat-abi=hard -mthumb -o "Src/main.o"
arm-none-eabi-gcc -o "piscaledelayc.elf" @"objects.list"   -mcpu=cortex-m4 -T"C:\Users\nicol\Documents\3o ANO ELO\pibiti\projetos\pibiti2021\piscaledelayc\STM32F407VGTX_FLASH.ld" --specs=nosys.specs -Wl,-Map="piscaledelayc.map" -Wl,--gc-sections -static --specs=nano.specs -mfpu=fpv4-sp-d16 -mfloat-abi=hard -mthumb -Wl,--start-group -lc -lm -Wl,--end-group
Finished building target: piscaledelayc.elf
 
arm-none-eabi-objdump -h -S  piscaledelayc.elf  > "piscaledelayc.list"
arm-none-eabi-objcopy  -O binary  piscaledelayc.elf  "piscaledelayc.bin"
arm-none-eabi-size   piscaledelayc.elf 
   text	   data	    bss	    dec	    hex	filename
    136	      8	      0	    144	     90	piscaledelayc.elf
Finished building: default.size.stdout
 
Finished building: piscaledelayc.bin
 
Finished building: piscaledelayc.list
 

16:07:41 Build Finished. 0 errors, 0 warnings. (took 1s.53ms)

