13:13:24 **** Incremental Build of configuration Debug for project RIngBuffer ****
make -j8 all 
arm-none-eabi-gcc "../Core/Src/main.c" -mcpu=cortex-m4 -std=gnu11 -g3 -DDEBUG -DUSE_HAL_DRIVER -DSTM32F407xx -c -I../Core/Inc -I../Drivers/STM32F4xx_HAL_Driver/Inc -I../Drivers/STM32F4xx_HAL_Driver/Inc/Legacy -I../Drivers/CMSIS/Device/ST/STM32F4xx/Include -I../Drivers/CMSIS/Include -O0 -ffunction-sections -fdata-sections -Wall -fstack-usage -MMD -MP -MF"Core/Src/main.d" -MT"Core/Src/main.o" --specs=nano.specs -mfpu=fpv4-sp-d16 -mfloat-abi=hard -mthumb -o "Core/Src/main.o"
arm-none-eabi-gcc -o "RIngBuffer.elf" @"objects.list"   -mcpu=cortex-m4 -T"C:\Users\nicol\Documents\3o ANO ELO\pibiti\projetos\pibiti2021\RIngBuffer\STM32F407VGTX_FLASH.ld" --specs=nosys.specs -Wl,-Map="RIngBuffer.map" -Wl,--gc-sections -static --specs=nano.specs -mfpu=fpv4-sp-d16 -mfloat-abi=hard -mthumb -Wl,--start-group -lc -lm -Wl,--end-group
Finished building target: RIngBuffer.elf
 
arm-none-eabi-objdump -h -S  RIngBuffer.elf  > "RIngBuffer.list"
arm-none-eabi-objcopy  -O binary  RIngBuffer.elf  "RIngBuffer.bin"
arm-none-eabi-size   RIngBuffer.elf 
   text	   data	    bss	    dec	    hex	filename
   7892	     20	   1796	   9708	   25ec	RIngBuffer.elf
Finished building: default.size.stdout
 
Finished building: RIngBuffer.bin
 
Finished building: RIngBuffer.list
 

13:13:29 Build Finished. 0 errors, 0 warnings. (took 4s.810ms)

